##
## AIRSPACE WAVE (CLASS W)
##
LAYER
  NAME 'Airspace_W'
  GROUP 'Airspace'
  TYPE POLYGON
  CONNECTIONTYPE POSTGIS
  CONNECTION "dbname=skylines"
  DATA "the_geom from airspace using unique id"
  OPACITY 40

  PROJECTION
    "init=epsg:4326"
  END
  
  METADATA
    WMS_NAME 'Airspace_W'
    WMS_GROUP 'Airspace'
  END

  CLASS
    EXPRESSION ('[airspace_class]' eq 'WAVE')
    NAME 'WAVE'
    STYLE
      OUTLINECOLOR 255 255 0
      WIDTH 1
      LINECAP butt
    END
    STYLE
      COLOR 255 255 0
      OPACITY 25
    END
  END
END

##
## AIRSPACE CLASS A and B
##
LAYER
  NAME 'Airspace_A_B'
  GROUP 'Airspace'
  TYPE POLYGON
  CONNECTIONTYPE POSTGIS
  CONNECTION "dbname=skylines"
  DATA "the_geom from airspace using unique id"
  OPACITY 40

  PROJECTION
    "init=epsg:4326"
  END

  METADATA
    WMS_NAME 'Airspace_A_B'
    WMS_GROUP 'Airspace'
  END

  CLASS
    EXPRESSION ('[airspace_class]' eq 'CLASSA')
    NAME 'A'
    MAXSCALEDENOM 2500000
    STYLE
      OUTLINECOLOR 211 0 32
      WIDTH 1
      LINECAP butt
    END
    STYLE
      SYMBOL 'filled'
      OUTLINECOLOR 211 0 32
      OPACITY 40
    END
  END

  CLASS
    EXPRESSION ('[airspace_class]' eq 'CLASSA')
    NAME 'A'
    MINSCALEDENOM 2500000
    STYLE
      OUTLINECOLOR 211 0 32
      WIDTH 1
      LINECAP butt
    END
    STYLE
      SYMBOL 'filled-small'
      OUTLINECOLOR 211 0 32
      OPACITY 40
    END
  END


  CLASS
    EXPRESSION ('[airspace_class]' eq 'CLASSB')
    NAME 'B'
    MAXSCALEDENOM 2500000
    STYLE
      OUTLINECOLOR 0 12 211
      WIDTH 1
      LINECAP butt
    END
    STYLE
      SYMBOL 'filled'
      OUTLINECOLOR 0 12 211
      OPACITY 40
    END
  END

  CLASS
    EXPRESSION ('[airspace_class]' eq 'CLASSB')
    NAME 'B'
    MINSCALEDENOM 2500000
    STYLE
      OUTLINECOLOR 0 12 211
      WIDTH 1
      LINECAP butt
    END
    STYLE
      SYMBOL 'filled-small'
      OUTLINECOLOR 0 12 211
      OPACITY 40
    END
  END

END

##
## AIRSPACE CLASS C to D (CTR)
##
LAYER
  NAME 'Airspace_C_D_CTR'
  GROUP 'Airspace'
  TYPE POLYGON
  CONNECTIONTYPE POSTGIS
  CONNECTION "dbname=skylines"
  DATA "the_geom from airspace using unique id"
  OPACITY 40

  PROJECTION
    "init=epsg:4326"
  END
  
  METADATA
    WMS_NAME 'Airspace_C_D_CTR'
    WMS_GROUP 'Airspace'
  END

  CLASS
    EXPRESSION ('[airspace_class]' eq 'CLASSC')
    NAME 'C'
    MAXSCALEDENOM 2500000
    STYLE
      OUTLINECOLOR 0 12 211
      WIDTH 1
      LINECAP butt
    END
    STYLE
      SYMBOL 'filled'
      OUTLINECOLOR 0 12 211
      OPACITY 40
    END
  END

  CLASS
    EXPRESSION ('[airspace_class]' eq 'CLASSC')
    NAME 'C'
    MINSCALEDENOM 2500000
    STYLE
      OUTLINECOLOR 0 12 211
      WIDTH 1
      LINECAP butt
    END
    STYLE
      SYMBOL 'filled-small'
      OUTLINECOLOR 0 12 211
      OPACITY 40
    END
  END


##
## AIRSPACE CLASS D
##
  CLASS
    EXPRESSION ('[airspace_class]' eq 'CLASSD')
    NAME 'D'
    MAXSCALEDENOM 2500000
    STYLE
      OUTLINECOLOR 0 12 211
      WIDTH 1
      LINECAP butt
    END
    STYLE
      SYMBOL 'filled'
      OUTLINECOLOR 0 12 211
      OPACITY 40
    END
  END

  CLASS
    EXPRESSION ('[airspace_class]' eq 'CLASSD')
    NAME 'D'
    MINSCALEDENOM 2500000
    STYLE
      OUTLINECOLOR 0 12 211
      WIDTH 1
      LINECAP butt
    END
    STYLE
      SYMBOL 'filled-small'
      OUTLINECOLOR 0 12 211
      OPACITY 40
    END
  END


##
## AIRSPACE CTR (CLASS D)
##
  CLASS
    EXPRESSION ('[airspace_class]' eq 'CTR')
    NAME 'CTR'
    MAXSCALEDENOM 2500000
    STYLE
      OUTLINECOLOR 0 12 211
      WIDTH 1
      LINECAP butt
      PATTERN 5 2 END
    END
    STYLE
      COLOR 211 0 32
      OPACITY 30
    END
  END

  CLASS
    EXPRESSION ('[airspace_class]' eq 'CTR')
    NAME 'CTR'
    MINSCALEDENOM 2500000
    STYLE
      OUTLINECOLOR 0 12 211
      WIDTH 1
      LINECAP butt
      PATTERN 5 2 END
    END
    STYLE
      COLOR 211 0 32
      OPACITY 30
    END
  END

END

##
## AIRSPACE CLASS E, F, TMZ and RMZ
##
LAYER
  NAME 'Airspace_E_F_TMZ_RMZ'
  GROUP 'Airspace'
  TYPE POLYGON
  CONNECTIONTYPE POSTGIS
  CONNECTION "dbname=skylines"
  DATA "the_geom from airspace using unique id"
  OPACITY 50

  PROJECTION
    "init=epsg:4326"
  END

  METADATA
    WMS_NAME 'Airspace_E_F_TMZ_RMZ'
    WMS_GROUP 'Airspace'
  END

  MAXSCALEDENOM 25000000

## don't render CLASS E airspace...
#   CLASS
#     EXPRESSION ('[airspace_class]' eq 'CLASSE')
#     NAME 'CTR'
#     STYLE
#       OUTLINECOLOR 0 12 211
#       WIDTH 2
#       LINECAP butt
#     END
#   END

##
## AIRSPACE CLASS F
##
  CLASS
    EXPRESSION ('[airspace_class]' eq 'CLASSF')
    NAME 'CTR'
    STYLE
      OUTLINECOLOR 0 12 211
      WIDTH 1
      LINECAP butt
    END
  END

##
## AIRSPACE TMZ
##
  CLASS
    EXPRESSION ('[airspace_class]' eq 'TMZ')
    NAME 'TMZ'
    STYLE
      OUTLINECOLOR 80 80 80
      WIDTH 2
      LINECAP butt
      PATTERN 8 4 2 4 END
    END
  END

##
## AIRSPACE RMZ
##
  CLASS
    EXPRESSION ('[airspace_class]' eq 'RMZ')
    NAME 'TMZ'
    STYLE
      OUTLINECOLOR 0 12 211
      WIDTH 2
      LINECAP butt
      PATTERN 4 4 END
    END
  END
END

##
## PROHIBITED, DANGER and RESTRICTED AIRSPACE (CLASS P, Q and R)
##
LAYER
  NAME 'Airspace_P_Q_R'
  GROUP 'Airspace'
  TYPE POLYGON
  CONNECTIONTYPE POSTGIS
  CONNECTION "dbname=skylines"
  DATA "the_geom from airspace using unique id"
  OPACITY 40

  PROJECTION
    "init=epsg:4326"
  END

  METADATA
    WMS_NAME 'Airspace_P_Q_R'
    WMS_GROUP 'Airspace'
  END

##
## DANGER AIRSPACE (CLASS Q)
##
  CLASS
    EXPRESSION ('[airspace_class]' eq 'DANGER')
    NAME "Danger"
    MAXSCALEDENOM 2500000
    STYLE
      OUTLINECOLOR 211 0 32
      WIDTH 2
      LINECAP butt
    END
    STYLE
      OUTLINECOLOR 211 0 32
      SYMBOL 'dashed'
    END
  END

  CLASS
    EXPRESSION ('[airspace_class]' eq 'DANGER')
    NAME "Danger"
    MINSCALEDENOM 2500000
    STYLE
      OUTLINECOLOR 211 0 32
      WIDTH 1
      LINECAP butt
    END
    STYLE
      OUTLINECOLOR 211 0 32
      SYMBOL 'dashed-small'
    END
  END


##
## RESTRICTED AIRSPACE (CLASS R)
##
  CLASS
    EXPRESSION ('[airspace_class]' eq 'RESTRICT')
    NAME "Restricted"
    MAXSCALEDENOM 2500000
    STYLE
      OUTLINECOLOR 211 0 32
      WIDTH 2
      LINECAP butt
    END
    STYLE
      OUTLINECOLOR 211 0 32
      SYMBOL 'dashed'
    END
  END

  CLASS
    EXPRESSION ('[airspace_class]' eq 'RESTRICT')
    NAME "Restricted"
    MINSCALEDENOM 2500000
    STYLE
      OUTLINECOLOR 211 0 32
      WIDTH 1
      LINECAP butt
    END
    STYLE
      OUTLINECOLOR 211 0 32
      SYMBOL 'dashed-small'
    END
  END


##
## PROHIBITED AIRSPACE (CLASS P)
##
  CLASS
    EXPRESSION ('[airspace_class]' eq 'PROHIBITED')
    NAME "Prohibited"
    MAXSCALEDENOM 2500000
    STYLE
      OUTLINECOLOR 211 0 32
      WIDTH 2
      LINECAP butt
    END
    STYLE
      OUTLINECOLOR 211 0 32
      SYMBOL 'dashed'
    END
  END

  CLASS
    EXPRESSION ('[airspace_class]' eq 'PROHIBITED')
    NAME "Prohibited"
    MINSCALEDENOM 2500000
    STYLE
      OUTLINECOLOR 211 0 32
      WIDTH 1
      LINECAP butt
    END
    STYLE
      OUTLINECOLOR 211 0 32
      SYMBOL 'dashed-small'
    END
  END

END
